Processing esp32c3 (platform: espressif32; board: esp32-c3-devkitm-1; framework: arduino)
--------------------------------------------------------------------------------
Removing unused dependencies...
Verbose mode can be enabled via `-v, --verbose` option
CONFIGURATION: https://docs.platformio.org/page/boards/espressif32/esp32-c3-devkitm-1.html
PLATFORM: Espressif 32 (6.12.0) > Espressif ESP32-C3-DevKitM-1
HARDWARE: ESP32C3 160MHz, 320KB RAM, 4MB Flash
DEBUG: Current (cmsis-dap) External (cmsis-dap, esp-bridge, esp-builtin, esp-prog, iot-bus-jtag, jlink, minimodule, olimex-arm-usb-ocd, olimex-arm-usb-ocd-h, olimex-arm-usb-tiny-h, olimex-jtag-tiny, tumpa)
PACKAGES: 
 - framework-arduinoespressif32 @ 3.20017.241212+sha.dcc1105b 
 - tool-esptoolpy @ 2.40900.250804 (4.9.0) 
 - tool-openocd-esp32 @ 2.1100.20220706 (11.0) 
 - toolchain-riscv32-esp @ 8.4.0+2021r2-patch5
LDF: Library Dependency Finder -> https://bit.ly/configure-pio-ldf
LDF Modes: Finder ~ chain, Compatibility ~ soft
Found 39 compatible libraries
Scanning dependencies...
Dependency Graph
|-- ArduinoJson @ 6.21.5
|-- Canon BLE Remote @ 1.0.2+sha.ba4fe82
|-- ESPAsyncWebServer @ 3.6.0+sha.ad3741d
|-- AsyncTCP @ 3.3.2+sha.ef448a8
|-- ESPmDNS @ 2.0.0
|-- WiFi @ 2.0.0
Building in release mode
Compiling .pio\build\esp32c3\src\GCodeParser.cpp.o
Compiling .pio\build\esp32c3\src\SerialBridge.cpp.o
Compiling .pio\build\esp32c3\src\WebConfig.cpp.o
Compiling .pio\build\esp32c3\src\main.cpp.o
Building .pio\build\esp32c3\bootloader.bin
Generating partitions .pio\build\esp32c3\partitions.bin
Compiling .pio\build\esp32c3\lib1f2\ArduinoNvs\ArduinoNvs.cpp.o
esptool.py v4.9.0
Creating esp32c3 image...
Merged 1 ELF section
Successfully created esp32c3 image.
Compiling .pio\build\esp32c3\libd20\BLE\BLE2902.cpp.o
Compiling .pio\build\esp32c3\libd20\BLE\BLE2904.cpp.o
Compiling .pio\build\esp32c3\libd20\BLE\BLEAddress.cpp.o
Compiling .pio\build\esp32c3\libd20\BLE\BLEAdvertisedDevice.cpp.o
Compiling .pio\build\esp32c3\libd20\BLE\BLEAdvertising.cpp.o
Compiling .pio\build\esp32c3\libd20\BLE\BLEBeacon.cpp.o
Compiling .pio\build\esp32c3\libd20\BLE\BLECharacteristic.cpp.o
Compiling .pio\build\esp32c3\libd20\BLE\BLECharacteristicMap.cpp.o
Compiling .pio\build\esp32c3\libd20\BLE\BLEClient.cpp.o
Compiling .pio\build\esp32c3\libd20\BLE\BLEDescriptor.cpp.o
In file included from src/GCodeParser.cpp:2:
include/config.h:28: warning: "LED_BUILTIN" redefined
 #define LED_BUILTIN 8
 
In file included from C:/Users/ErichGellert/.platformio/packages/framework-arduinoespressif32/cores/esp32/esp32-hal-gpio.h:29,
                 from C:/Users/ErichGellert/.platformio/packages/framework-arduinoespressif32/cores/esp32/esp32-hal.h:83,
                 from C:/Users/ErichGellert/.platformio/packages/framework-arduinoespressif32/cores/esp32/Arduino.h:36,
                 from include/GCodeParser.h:4,
                 from src/GCodeParser.cpp:1:
C:/Users/ErichGellert/.platformio/packages/framework-arduinoespressif32/variants/esp32c3/pins_arduino.h:11: note: this is the location of the previous definition
 #define LED_BUILTIN LED_BUILTIN  // allow testing #ifdef LED_BUILTIN
 
In file included from src/SerialBridge.cpp:2:
include/config.h:28: warning: "LED_BUILTIN" redefined
 #define LED_BUILTIN 8
 
In file included from C:/Users/ErichGellert/.platformio/packages/framework-arduinoespressif32/cores/esp32/esp32-hal-gpio.h:29,
                 from C:/Users/ErichGellert/.platformio/packages/framework-arduinoespressif32/cores/esp32/esp32-hal.h:83,
                 from C:/Users/ErichGellert/.platformio/packages/framework-arduinoespressif32/cores/esp32/Arduino.h:36,
                 from include/SerialBridge.h:4,
                 from src/SerialBridge.cpp:1:
C:/Users/ErichGellert/.platformio/packages/framework-arduinoespressif32/variants/esp32c3/pins_arduino.h:11: note: this is the location of the previous definition
 #define LED_BUILTIN LED_BUILTIN  // allow testing #ifdef LED_BUILTIN
 
Compiling .pio\build\esp32c3\libd20\BLE\BLEDescriptorMap.cpp.o
Compiling .pio\build\esp32c3\libd20\BLE\BLEDevice.cpp.o
Compiling .pio\build\esp32c3\libd20\BLE\BLEEddystoneTLM.cpp.o
Compiling .pio\build\esp32c3\libd20\BLE\BLEEddystoneURL.cpp.o
Compiling .pio\build\esp32c3\libd20\BLE\BLEExceptions.cpp.o
Compiling .pio\build\esp32c3\libd20\BLE\BLEHIDDevice.cpp.o
Compiling .pio\build\esp32c3\libd20\BLE\BLERemoteCharacteristic.cpp.o
Compiling .pio\build\esp32c3\libd20\BLE\BLERemoteDescriptor.cpp.o
Compiling .pio\build\esp32c3\libd20\BLE\BLERemoteService.cpp.o
Compiling .pio\build\esp32c3\libd20\BLE\BLEScan.cpp.o
Compiling .pio\build\esp32c3\libd20\BLE\BLESecurity.cpp.o
Compiling .pio\build\esp32c3\libd20\BLE\BLEServer.cpp.o
Compiling .pio\build\esp32c3\libd20\BLE\BLEService.cpp.o
Compiling .pio\build\esp32c3\libd20\BLE\BLEServiceMap.cpp.o
Compiling .pio\build\esp32c3\libd20\BLE\BLEUUID.cpp.o
Compiling .pio\build\esp32c3\libd20\BLE\BLEUtils.cpp.o
Compiling .pio\build\esp32c3\libd20\BLE\BLEValue.cpp.o
Compiling .pio\build\esp32c3\libd20\BLE\FreeRTOS.cpp.o
Compiling .pio\build\esp32c3\libd20\BLE\GeneralUtils.cpp.o
Archiving .pio\build\esp32c3\lib1f2\libArduinoNvs.a
Compiling .pio\build\esp32c3\libdbb\Canon BLE Remote\CanonBLERemote.cpp.o
Compiling .pio\build\esp32c3\libd5a\AsyncTCP@src-7fb2940bccb78b8d2de6915ae328b7fc\AsyncTCP.cpp.o
Compiling .pio\build\esp32c3\libc41\FS\FS.cpp.o
Compiling .pio\build\esp32c3\libc41\FS\vfs_api.cpp.o
Compiling .pio\build\esp32c3\lib0eb\WiFi\WiFi.cpp.o
Compiling .pio\build\esp32c3\lib0eb\WiFi\WiFiAP.cpp.o
Compiling .pio\build\esp32c3\lib0eb\WiFi\WiFiClient.cpp.o
Compiling .pio\build\esp32c3\lib0eb\WiFi\WiFiGeneric.cpp.o
Compiling .pio\build\esp32c3\lib0eb\WiFi\WiFiMulti.cpp.o
Compiling .pio\build\esp32c3\lib0eb\WiFi\WiFiSTA.cpp.o
Compiling .pio\build\esp32c3\lib0eb\WiFi\WiFiScan.cpp.o
Compiling .pio\build\esp32c3\lib0eb\WiFi\WiFiServer.cpp.o
Compiling .pio\build\esp32c3\lib0eb\WiFi\WiFiUdp.cpp.o
Archiving .pio\build\esp32c3\libd20\libBLE.a
Compiling .pio\build\esp32c3\libb91\WebServer\Parsing.cpp.o
Archiving .pio\build\esp32c3\libc41\libFS.a
Compiling .pio\build\esp32c3\libb91\WebServer\WebServer.cpp.o
Compiling .pio\build\esp32c3\libb91\WebServer\detail\mimetable.cpp.o
Compiling .pio\build\esp32c3\lib406\ESPAsyncWebServer\AsyncEventSource.cpp.o
Archiving .pio\build\esp32c3\lib0eb\libWiFi.a
Compiling .pio\build\esp32c3\lib406\ESPAsyncWebServer\AsyncJson.cpp.o
Archiving .pio\build\esp32c3\libd5a\libAsyncTCP@src-7fb2940bccb78b8d2de6915ae328b7fc.a
Compiling .pio\build\esp32c3\lib406\ESPAsyncWebServer\AsyncMessagePack.cpp.o
.pio/libdeps/esp32c3/Canon BLE Remote/src/CanonBLERemote.cpp: In member function 'bool CanonBLERemote::trigger()':
.pio/libdeps/esp32c3/Canon BLE Remote/src/CanonBLERemote.cpp:276:36: warning: narrowing conversion of '(int)(((unsigned char)((int)((CanonBLERemote*)this)->CanonBLERemote::MODE_IMMEDIATE)) | ((unsigned char)((int)((CanonBLERemote*)this)->CanonBLERemote::BUTTON_RELEASE)))' from 'int' to 'byte' {aka 'unsigned char'} inside { } [-Wnarrowing]
     byte cmdByte = {MODE_IMMEDIATE | BUTTON_RELEASE};          // Binary OR : Concatenate Mode and Button
                     ~~~~~~~~~~~~~~~^~~~~~~~~~~~~~~~
.pio/libdeps/esp32c3/Canon BLE Remote/src/CanonBLERemote.cpp: In member function 'bool CanonBLERemote::focus()':
.pio/libdeps/esp32c3/Canon BLE Remote/src/CanonBLERemote.cpp:293:38: warning: narrowing conversion of '(int)(((unsigned char)((int)((CanonBLERemote*)this)->CanonBLERemote::MODE_IMMEDIATE)) | ((unsigned char)((int)((CanonBLERemote*)this)->CanonBLERemote::BUTTON_FOCUS)))' from 'int' to 'byte' {aka 'unsigned char'} inside { } [-Wnarrowing]
     byte cmdByte[] = {MODE_IMMEDIATE | BUTTON_FOCUS};                    // Binary OR : Concatenate Mode and Button
                       ~~~~~~~~~~~~~~~^~~~~~~~~~~~~~
Compiling .pio\build\esp32c3\lib406\ESPAsyncWebServer\AsyncWebHeader.cpp.o
Compiling .pio\build\esp32c3\lib406\ESPAsyncWebServer\AsyncWebSocket.cpp.o
Compiling .pio\build\esp32c3\lib406\ESPAsyncWebServer\BackPort_SHA1Builder.cpp.o
Compiling .pio\build\esp32c3\lib406\ESPAsyncWebServer\ChunkPrint.cpp.o
Compiling .pio\build\esp32c3\lib406\ESPAsyncWebServer\Middleware.cpp.o
Archiving .pio\build\esp32c3\libdbb\libCanon BLE Remote.a
Compiling .pio\build\esp32c3\lib406\ESPAsyncWebServer\WebAuthentication.cpp.o
Compiling .pio\build\esp32c3\lib406\ESPAsyncWebServer\WebHandlers.cpp.o
Archiving .pio\build\esp32c3\libb91\libWebServer.a
Compiling .pio\build\esp32c3\lib406\ESPAsyncWebServer\WebRequest.cpp.o
Compiling .pio\build\esp32c3\lib406\ESPAsyncWebServer\WebResponses.cpp.o
In file included from src/main.cpp:5:
include/config.h:28: warning: "LED_BUILTIN" redefined
 #define LED_BUILTIN 8
 
In file included from C:/Users/ErichGellert/.platformio/packages/framework-arduinoespressif32/cores/esp32/esp32-hal-gpio.h:29,
                 from C:/Users/ErichGellert/.platformio/packages/framework-arduinoespressif32/cores/esp32/esp32-hal.h:83,
                 from C:/Users/ErichGellert/.platformio/packages/framework-arduinoespressif32/cores/esp32/Arduino.h:36,
                 from src/main.cpp:1:
C:/Users/ErichGellert/.platformio/packages/framework-arduinoespressif32/variants/esp32c3/pins_arduino.h:11: note: this is the location of the previous definition
 #define LED_BUILTIN LED_BUILTIN  // allow testing #ifdef LED_BUILTIN
 
Compiling .pio\build\esp32c3\lib406\ESPAsyncWebServer\WebServer.cpp.o
Compiling .pio\build\esp32c3\lib12f\ESPmDNS\ESPmDNS.cpp.o
Compiling .pio\build\esp32c3\FrameworkArduino\Esp.cpp.o
Compiling .pio\build\esp32c3\FrameworkArduino\FirmwareMSC.cpp.o
Compiling .pio\build\esp32c3\FrameworkArduino\FunctionalInterrupt.cpp.o
Archiving .pio\build\esp32c3\lib12f\libESPmDNS.a
Compiling .pio\build\esp32c3\FrameworkArduino\HWCDC.cpp.o
Compiling .pio\build\esp32c3\FrameworkArduino\HardwareSerial.cpp.o
Compiling .pio\build\esp32c3\FrameworkArduino\IPAddress.cpp.o
Compiling .pio\build\esp32c3\FrameworkArduino\IPv6Address.cpp.o
Compiling .pio\build\esp32c3\FrameworkArduino\MD5Builder.cpp.o
Compiling .pio\build\esp32c3\FrameworkArduino\Print.cpp.o
Compiling .pio\build\esp32c3\FrameworkArduino\Stream.cpp.o
Compiling .pio\build\esp32c3\FrameworkArduino\StreamString.cpp.o
Compiling .pio\build\esp32c3\FrameworkArduino\Tone.cpp.o
Compiling .pio\build\esp32c3\FrameworkArduino\USB.cpp.o
Compiling .pio\build\esp32c3\FrameworkArduino\USBCDC.cpp.o
Compiling .pio\build\esp32c3\FrameworkArduino\USBMSC.cpp.o
Compiling .pio\build\esp32c3\FrameworkArduino\WMath.cpp.o
Compiling .pio\build\esp32c3\FrameworkArduino\WString.cpp.o
Compiling .pio\build\esp32c3\FrameworkArduino\base64.cpp.o
Compiling .pio\build\esp32c3\FrameworkArduino\cbuf.cpp.o
Compiling .pio\build\esp32c3\FrameworkArduino\esp32-hal-adc.c.o
Compiling .pio\build\esp32c3\FrameworkArduino\esp32-hal-bt.c.o
Compiling .pio\build\esp32c3\FrameworkArduino\esp32-hal-cpu.c.o
Compiling .pio\build\esp32c3\FrameworkArduino\esp32-hal-dac.c.o
Compiling .pio\build\esp32c3\FrameworkArduino\esp32-hal-gpio.c.o
Compiling .pio\build\esp32c3\FrameworkArduino\esp32-hal-i2c-slave.c.o
Compiling .pio\build\esp32c3\FrameworkArduino\esp32-hal-i2c.c.o
Compiling .pio\build\esp32c3\FrameworkArduino\esp32-hal-ledc.c.o
Compiling .pio\build\esp32c3\FrameworkArduino\esp32-hal-matrix.c.o
Compiling .pio\build\esp32c3\FrameworkArduino\esp32-hal-misc.c.o
Compiling .pio\build\esp32c3\FrameworkArduino\esp32-hal-psram.c.o
Compiling .pio\build\esp32c3\FrameworkArduino\esp32-hal-rgb-led.c.o
Compiling .pio\build\esp32c3\FrameworkArduino\esp32-hal-rmt.c.o
Compiling .pio\build\esp32c3\FrameworkArduino\esp32-hal-sigmadelta.c.o
Compiling .pio\build\esp32c3\FrameworkArduino\esp32-hal-spi.c.o
Compiling .pio\build\esp32c3\FrameworkArduino\esp32-hal-time.c.o
Compiling .pio\build\esp32c3\FrameworkArduino\esp32-hal-timer.c.o
Compiling .pio\build\esp32c3\FrameworkArduino\esp32-hal-tinyusb.c.o
Compiling .pio\build\esp32c3\FrameworkArduino\esp32-hal-touch.c.o
Compiling .pio\build\esp32c3\FrameworkArduino\esp32-hal-uart.c.o
Compiling .pio\build\esp32c3\FrameworkArduino\firmware_msc_fat.c.o
Compiling .pio\build\esp32c3\FrameworkArduino\libb64\cdecode.c.o
Compiling .pio\build\esp32c3\FrameworkArduino\libb64\cencode.c.o
Compiling .pio\build\esp32c3\FrameworkArduino\main.cpp.o
Compiling .pio\build\esp32c3\FrameworkArduino\stdlib_noniso.c.o
Compiling .pio\build\esp32c3\FrameworkArduino\wiring_pulse.c.o
Compiling .pio\build\esp32c3\FrameworkArduino\wiring_shift.c.o
In file included from src/WebConfig.cpp:2:
include/config.h:28: warning: "LED_BUILTIN" redefined
 #define LED_BUILTIN 8
 
In file included from C:/Users/ErichGellert/.platformio/packages/framework-arduinoespressif32/cores/esp32/esp32-hal-gpio.h:29,
                 from C:/Users/ErichGellert/.platformio/packages/framework-arduinoespressif32/cores/esp32/esp32-hal.h:83,
                 from C:/Users/ErichGellert/.platformio/packages/framework-arduinoespressif32/cores/esp32/Arduino.h:36,
                 from include/WebConfig.h:4,
                 from src/WebConfig.cpp:1:
C:/Users/ErichGellert/.platformio/packages/framework-arduinoespressif32/variants/esp32c3/pins_arduino.h:11: note: this is the location of the previous definition
 #define LED_BUILTIN LED_BUILTIN  // allow testing #ifdef LED_BUILTIN
 
Archiving .pio\build\esp32c3\lib406\libESPAsyncWebServer.a
Archiving .pio\build\esp32c3\libFrameworkArduino.a
Linking .pio\build\esp32c3\firmware.elf
Retrieving maximum program size .pio\build\esp32c3\firmware.elf
Checking size .pio\build\esp32c3\firmware.elf
Advanced Memory Usage is available via "PlatformIO Home > Project Inspect"
RAM:   [==        ]  19.0% (used 62356 bytes from 327680 bytes)
Flash: [========  ]  76.5% (used 1503976 bytes from 1966080 bytes)
Building .pio\build\esp32c3\firmware.bin
esptool.py v4.9.0
Creating esp32c3 image...
Merged 2 ELF sections
Successfully created esp32c3 image.
========================= [SUCCESS] Took 91.15 seconds =========================
